// Jest Snapshot v1, https://goo.gl/fbAQLP

exports[`Item Rendering [snapshot] renders correctly 1`] = `
<div
  className="item item--unfinished"
  data-testid="item--unfinished"
>
  <div
    className="item__content"
  >
    __mock item status
  </div>
  <div
    className="item__action"
  >
    <input
      name="item-status"
      onChange={[Function]}
      type="checkbox"
    />
  </div>
</div>
`;
